<html>
<body>
<pre>
<h1>µVision Build Log</h1>
<h2>Tool Versions:</h2>
IDE-Version: µVision V5.24.2.0
Copyright (C) 2017 ARM Ltd and ARM Germany GmbH. All rights reserved.
License Information: slavka slavka, slavka, LIC=----
 
Tool Versions:
Toolchain:       MDK-Lite  Version: 5.24.1
Toolchain Path:  F:\Keil_v5\ARM\ARMCC\Bin
C Compiler:      Armcc.exe V5.06 update 5 (build 528)
Assembler:       Armasm.exe V5.06 update 5 (build 528)
Linker/Locator:  ArmLink.exe V5.06 update 5 (build 528)
Library Manager: ArmAr.exe V5.06 update 5 (build 528)
Hex Converter:   FromElf.exe V5.06 update 5 (build 528)
CPU DLL:         SARMCM3.DLL V5.24.1
Dialog DLL:      DCM.DLL V1.16.0.0
Target DLL:      STLink\ST-LINKIII-KEIL_SWO.dll V3.0.1.0
Dialog DLL:      TCM.DLL V1.32.0.0
 
<h2>Project:</h2>
F:\project\all adc\MDK-ARM\ssd1306.uvprojx
Project File Date:  09/12/2018

<h2>Output:</h2>
*** Using Compiler 'V5.06 update 5 (build 528)', folder: 'F:\Keil_v5\ARM\ARMCC\Bin'
Build target 'ssd1306'
compiling main.c...
../Drivers/STM32F1xx_HAL_Driver/Inc/stm32f1xx_hal_rcc.h(74): warning:  #47-D: incompatible redefinition of macro "LSI_VALUE"  (declared at line 121 of "../Inc/stm32f1xx_hal_conf.h")
  #define LSI_VALUE                 ((uint32_t)40000)  /* 40kHz */
../Inc/ssd1306.h(238): warning:  #1295-D: Deprecated declaration ssd1306_I2C_Init - give arg types
  void ssd1306_I2C_Init();
../Inc/variable.h(8): warning:  #1-D: last line of file ends without a newline
  #endif
../Inc/acs.h(9): warning:  #1-D: last line of file ends without a newline
  #endif
../Src/acs.c(12): warning:  #188-D: enumerated type mixed with another type
  	SSD1306_Puts("ALL", &Font_16x26, 1);
../Src/acs.c(14): warning:  #188-D: enumerated type mixed with another type
  	SSD1306_Puts("ADC", &Font_16x26, 1);
../Src/acs.c(20): warning:  #188-D: enumerated type mixed with another type
  			SSD1306_Puts(adc_buf, &Font_7x10, 1);
../Src/acs.c(25): warning:  #188-D: enumerated type mixed with another type
  			SSD1306_Puts(adc_buf, &Font_7x10, 1);
../Src/acs.c(30): warning:  #188-D: enumerated type mixed with another type
  			SSD1306_Puts(adc_buf, &Font_7x10, 1);
../Src/acs.c(35): warning:  #188-D: enumerated type mixed with another type
  			SSD1306_Puts(adc_buf, &Font_7x10, 1);			
../Src/acs.c(40): warning:  #188-D: enumerated type mixed with another type
  			SSD1306_Puts(adc_buf, &Font_7x10, 1);			
../Src/acs.c(45): warning:  #188-D: enumerated type mixed with another type
  			SSD1306_Puts(adc_buf, &Font_7x10, 1);			
../Src/acs.c(50): warning:  #188-D: enumerated type mixed with another type
  			SSD1306_Puts(adc_buf, &Font_7x10, 1);			
../Src/acs.c(55): warning:  #188-D: enumerated type mixed with another type
  			SSD1306_Puts(adc_buf, &Font_7x10, 1);			
../Src/acs.c(60): warning:  #188-D: enumerated type mixed with another type
  			SSD1306_Puts(adc_buf, &Font_7x10, 1);			
../Src/acs.c(65): warning:  #188-D: enumerated type mixed with another type
  			SSD1306_Puts(adc_buf, &Font_7x10, 1);			
../Src/acs.c(70): warning:  #188-D: enumerated type mixed with another type
  			SSD1306_Puts(adc_buf, &Font_7x10, 1);			
../Src/acs.c(75): warning:  #188-D: enumerated type mixed with another type
  			SSD1306_Puts(adc_buf, &Font_7x10, 1);			
../Src/acs.c(80): warning:  #188-D: enumerated type mixed with another type
  			SSD1306_Puts(adc_buf, &Font_7x10, 1);			
../Src/main.c(118): warning:  #188-D: enumerated type mixed with another type
  	SSD1306_Puts("slavka", &Font_16x26, 1);
../Src/main.c(120): warning:  #188-D: enumerated type mixed with another type
  	SSD1306_Puts("414", &Font_16x26, 1);
../Src/main.c(125): warning:  #188-D: enumerated type mixed with another type
  			SSD1306_Puts(buf, &Font_7x10, 1);
../Src/main.c(129): warning:  #188-D: enumerated type mixed with another type
  			SSD1306_Puts(buf, &Font_7x10, 1);
../Src/main.c(132): warning:  #188-D: enumerated type mixed with another type
  		SSD1306_Fill(0); //clear oled
../Src/main.c(136): warning:  #188-D: enumerated type mixed with another type
  	SSD1306_Fill(0);
../Src/main.c(153): warning:  #188-D: enumerated type mixed with another type
  		SSD1306_Fill(0);
../Src/main.c: 26 warnings, 0 errors
linking...
Program Size: Code=11868 RO-data=7124 RW-data=48 ZI-data=2848  
FromELF: creating hex file...
"ssd1306\ssd1306.axf" - 0 Error(s), 26 Warning(s).

<h2>Software Packages used:</h2>

Package Vendor: ARM
                http://www.keil.com/pack/ARM.CMSIS.5.3.0.pack
                ARM.CMSIS.5.3.0
                CMSIS (Cortex Microcontroller Software Interface Standard)
   * Component: CORE Version: 5.1.1

Package Vendor: Keil
                http://www.keil.com/pack/Keil.STM32F1xx_DFP.2.2.0.pack
                Keil.STM32F1xx_DFP.2.2.0
                STMicroelectronics STM32F1 Series Device Support, Drivers and Examples

<h2>Collection of Component include folders:</h2>
  .\RTE\_ssd1306
  F:\Keil_v5\ARM\PACK\ARM\CMSIS\5.3.0\CMSIS\Include
  F:\Keil_v5\ARM\PACK\Keil\STM32F1xx_DFP\2.2.0\Device\Include

<h2>Collection of Component Files used:</h2>

   * Component: ARM::CMSIS:CORE:5.1.1
Build Time Elapsed:  00:00:02
</pre>
</body>
</html>
